// Jest Snapshot v1, https://goo.gl/fbAQLP

exports[`Pruebas en gifGridItem debe hacer match con el snapshot 1`] = `
<div>
  <div
    class="card"
  >
    <img
      alt="One Punch"
      src="https://sm.ign.com/t/ign_latam/screenshot/default/chechi_ewwz.1280.jpg"
    />
    <p>
      One Punch
    </p>
  </div>
</div>
`;
